** Drc report for hava.kicad_pcb **
** Created on 2026-09-25T16:59:00 **
** Report includes: Errors **

** Found 16 DRC violations **
[hole_clearance]: Delik boşluk ihlali (tahta kurulum kısıtlamaları deliği açıklık 0.2500 mm; şu anki 0.1944 mm)
    Rule: tahta kurulum kısıtlamaları deliği; error
    @(121.8000 mm, 154.8200 mm): Pad A1 [GND] of J1 on F.Cu
    @(122.1100 mm, 155.8950 mm): NPTH pad of J1
[hole_clearance]: Delik boşluk ihlali (tahta kurulum kısıtlamaları deliği açıklık 0.2500 mm; şu anki 0.1944 mm)
    Rule: tahta kurulum kısıtlamaları deliği; error
    @(121.8000 mm, 154.8200 mm): Pad B12 [GND] of J1 on F.Cu
    @(122.1100 mm, 155.8950 mm): NPTH pad of J1
[hole_clearance]: Delik boşluk ihlali (tahta kurulum kısıtlamaları deliği açıklık 0.2500 mm; şu anki 0.1944 mm)
    Rule: tahta kurulum kısıtlamaları deliği; error
    @(128.2000 mm, 154.8200 mm): Pad A12 [GND] of J1 on F.Cu
    @(127.8900 mm, 155.8950 mm): NPTH pad of J1
[hole_clearance]: Delik boşluk ihlali (tahta kurulum kısıtlamaları deliği açıklık 0.2500 mm; şu anki 0.1944 mm)
    Rule: tahta kurulum kısıtlamaları deliği; error
    @(128.2000 mm, 154.8200 mm): Pad B1 [GND] of J1 on F.Cu
    @(127.8900 mm, 155.8950 mm): NPTH pad of J1
[drill_out_of_range]: Delik boyutu aralık dışında (tahta kurulum kısıtlamaları minimum delik 0.3000 mm; gerçek 0.2000 mm)
    Rule: tahta kurulum kısıtlamaları; error
    @(122.1000 mm, 114.7600 mm): PTH pad 41 [GND] of U1
[drill_out_of_range]: Delik boyutu aralık dışında (tahta kurulum kısıtlamaları minimum delik 0.3000 mm; gerçek 0.2000 mm)
    Rule: tahta kurulum kısıtlamaları; error
    @(122.1000 mm, 116.1600 mm): PTH pad 41 [GND] of U1
[drill_out_of_range]: Delik boyutu aralık dışında (tahta kurulum kısıtlamaları minimum delik 0.3000 mm; gerçek 0.2000 mm)
    Rule: tahta kurulum kısıtlamaları; error
    @(122.8000 mm, 114.0600 mm): PTH pad 41 [GND] of U1
[drill_out_of_range]: Delik boyutu aralık dışında (tahta kurulum kısıtlamaları minimum delik 0.3000 mm; gerçek 0.2000 mm)
    Rule: tahta kurulum kısıtlamaları; error
    @(122.8000 mm, 115.4600 mm): PTH pad 41 [GND] of U1
[drill_out_of_range]: Delik boyutu aralık dışında (tahta kurulum kısıtlamaları minimum delik 0.3000 mm; gerçek 0.2000 mm)
    Rule: tahta kurulum kısıtlamaları; error
    @(122.8000 mm, 116.8600 mm): PTH pad 41 [GND] of U1
[drill_out_of_range]: Delik boyutu aralık dışında (tahta kurulum kısıtlamaları minimum delik 0.3000 mm; gerçek 0.2000 mm)
    Rule: tahta kurulum kısıtlamaları; error
    @(123.5000 mm, 114.7600 mm): PTH pad 41 [GND] of U1
[drill_out_of_range]: Delik boyutu aralık dışında (tahta kurulum kısıtlamaları minimum delik 0.3000 mm; gerçek 0.2000 mm)
    Rule: tahta kurulum kısıtlamaları; error
    @(123.5000 mm, 116.1600 mm): PTH pad 41 [GND] of U1
[drill_out_of_range]: Delik boyutu aralık dışında (tahta kurulum kısıtlamaları minimum delik 0.3000 mm; gerçek 0.2000 mm)
    Rule: tahta kurulum kısıtlamaları; error
    @(124.2000 mm, 114.0600 mm): PTH pad 41 [GND] of U1
[drill_out_of_range]: Delik boyutu aralık dışında (tahta kurulum kısıtlamaları minimum delik 0.3000 mm; gerçek 0.2000 mm)
    Rule: tahta kurulum kısıtlamaları; error
    @(124.2000 mm, 115.4600 mm): PTH pad 41 [GND] of U1
[drill_out_of_range]: Delik boyutu aralık dışında (tahta kurulum kısıtlamaları minimum delik 0.3000 mm; gerçek 0.2000 mm)
    Rule: tahta kurulum kısıtlamaları; error
    @(124.2000 mm, 116.8600 mm): PTH pad 41 [GND] of U1
[drill_out_of_range]: Delik boyutu aralık dışında (tahta kurulum kısıtlamaları minimum delik 0.3000 mm; gerçek 0.2000 mm)
    Rule: tahta kurulum kısıtlamaları; error
    @(124.9000 mm, 114.7600 mm): PTH pad 41 [GND] of U1
[drill_out_of_range]: Delik boyutu aralık dışında (tahta kurulum kısıtlamaları minimum delik 0.3000 mm; gerçek 0.2000 mm)
    Rule: tahta kurulum kısıtlamaları; error
    @(124.9000 mm, 116.1600 mm): PTH pad 41 [GND] of U1

** Found 66 unconnected pads **
[unconnected_items]: Missing connection between items
    Local override; error
    @(106.7000 mm, 136.0000 mm): Pad 2 [GND] of SW1 on F.Cu
    @(110.9500 mm, 133.0000 mm): Pad 2 [GND] of C3 on F.Cu
[unconnected_items]: Missing connection between items
    Local override; error
    @(106.7000 mm, 136.0000 mm): Pad 2 [GND] of SW1 on F.Cu
    @(106.7000 mm, 142.0000 mm): Pad 2 [GND] of SW2 on F.Cu
[unconnected_items]: Missing connection between items
    Local override; error
    @(106.7000 mm, 142.0000 mm): Pad 2 [GND] of SW2 on F.Cu
    @(106.7000 mm, 148.0000 mm): Pad 2 [GND] of SW3 on F.Cu
[unconnected_items]: Missing connection between items
    Local override; error
    @(111.8625 mm, 147.0000 mm): Pad 2 [GND] of U2 on F.Cu
    @(106.7000 mm, 148.0000 mm): Pad 2 [GND] of SW3 on F.Cu
[unconnected_items]: Missing connection between items
    Local override; error
    @(111.8625 mm, 147.0000 mm): Pad 2 [GND] of U2 on F.Cu
    @(113.9500 mm, 152.0000 mm): Pad 2 [GND] of C1 on F.Cu
[unconnected_items]: Missing connection between items
    Local override; error
    @(113.4800 mm, 133.0000 mm): Pad 2 [GND] of C4 on F.Cu
    @(110.9500 mm, 133.0000 mm): Pad 2 [GND] of C3 on F.Cu
[unconnected_items]: Missing connection between items
    Local override; error
    @(113.4800 mm, 133.0000 mm): Pad 2 [GND] of C4 on F.Cu
    @(113.4800 mm, 129.0000 mm): Pad 2 [GND] of C5 on F.Cu
[unconnected_items]: Missing connection between items
    Local override; error
    @(113.9500 mm, 152.0000 mm): Pad 2 [GND] of C1 on F.Cu
    @(120.6800 mm, 155.3950 mm): PTH pad SH [GND] of J1
[unconnected_items]: Missing connection between items
    Local override; error
    @(118.9500 mm, 147.0000 mm): Pad 2 [GND] of C2 on F.Cu
    @(113.9500 mm, 152.0000 mm): Pad 2 [GND] of C1 on F.Cu
[unconnected_items]: Missing connection between items
    Local override; error
    @(120.6800 mm, 159.5750 mm): PTH pad SH [GND] of J1
    @(120.6800 mm, 155.3950 mm): PTH pad SH [GND] of J1
[unconnected_items]: Missing connection between items
    Local override; error
    @(121.8000 mm, 154.8200 mm): Pad A1 [GND] of J1 on F.Cu
    @(120.6800 mm, 155.3950 mm): PTH pad SH [GND] of J1
[unconnected_items]: Missing connection between items
    Local override; error
    @(122.8000 mm, 114.0600 mm): PTH pad 41 [GND] of U1
    @(116.2500 mm, 107.7400 mm): Pad 1 [GND] of U1 on F.Cu
[unconnected_items]: Missing connection between items
    Local override; error
    @(122.8000 mm, 116.8600 mm): PTH pad 41 [GND] of U1
    @(113.4800 mm, 129.0000 mm): Pad 2 [GND] of C5 on F.Cu
[unconnected_items]: Missing connection between items
    Local override; error
    @(128.2000 mm, 154.8200 mm): Pad B1 [GND] of J1 on F.Cu
    @(121.8000 mm, 154.8200 mm): Pad A1 [GND] of J1 on F.Cu
[unconnected_items]: Missing connection between items
    Local override; error
    @(129.3200 mm, 155.3950 mm): PTH pad SH [GND] of J1
    @(128.2000 mm, 154.8200 mm): Pad B1 [GND] of J1 on F.Cu
[unconnected_items]: Missing connection between items
    Local override; error
    @(129.3200 mm, 155.3950 mm): PTH pad SH [GND] of J1
    @(132.5100 mm, 155.0000 mm): Pad 2 [GND] of R1 on F.Cu
[unconnected_items]: Missing connection between items
    Local override; error
    @(129.3200 mm, 159.5750 mm): PTH pad SH [GND] of J1
    @(129.3200 mm, 155.3950 mm): PTH pad SH [GND] of J1
[unconnected_items]: Missing connection between items
    Local override; error
    @(132.5100 mm, 155.0000 mm): Pad 2 [GND] of R1 on F.Cu
    @(135.5100 mm, 155.0000 mm): Pad 2 [GND] of R2 on F.Cu
[unconnected_items]: Missing connection between items
    Local override; error
    @(133.7500 mm, 107.7400 mm): Pad 40 [GND] of U1 on F.Cu
    @(124.9000 mm, 114.7600 mm): PTH pad 41 [GND] of U1
[unconnected_items]: Missing connection between items
    Local override; error
    @(135.5100 mm, 155.0000 mm): Pad 2 [GND] of R2 on F.Cu
    @(142.4800 mm, 151.0000 mm): Pad 2 [GND] of C6 on F.Cu
[unconnected_items]: Missing connection between items
    Local override; error
    @(141.0250 mm, 145.9750 mm): Pad 1 [GND] of U3 on F.Cu
    @(143.2125 mm, 133.0000 mm): Pad 1 [GND] of D1 on F.Cu
[unconnected_items]: Missing connection between items
    Local override; error
    @(141.6750 mm, 148.0250 mm): Pad 7 [GND] of U3 on F.Cu
    @(142.9750 mm, 148.0250 mm): Pad 5 [GND] of U3 on F.Cu
[unconnected_items]: Missing connection between items
    Local override; error
    @(141.6750 mm, 148.0250 mm): Pad 7 [GND] of U3 on F.Cu
    @(141.0250 mm, 145.9750 mm): Pad 1 [GND] of U3 on F.Cu
[unconnected_items]: Missing connection between items
    Local override; error
    @(142.4800 mm, 151.0000 mm): Pad 2 [GND] of C6 on F.Cu
    @(142.9750 mm, 148.0250 mm): Pad 5 [GND] of U3 on F.Cu
[unconnected_items]: Missing connection between items
    Local override; error
    @(146.0000 mm, 112.0000 mm): PTH pad 1 [GND] of J2
    @(133.7500 mm, 107.7400 mm): Pad 40 [GND] of U1 on F.Cu
[unconnected_items]: Missing connection between items
    Local override; error
    @(111.8625 mm, 146.0500 mm): Pad 1 [+5V] of U2 on F.Cu
    @(111.8625 mm, 147.9500 mm): Pad 3 [+5V] of U2 on F.Cu
[unconnected_items]: Missing connection between items
    Local override; error
    @(111.8625 mm, 147.9500 mm): Pad 3 [+5V] of U2 on F.Cu
    @(112.0500 mm, 152.0000 mm): Pad 1 [+5V] of C1 on F.Cu
[unconnected_items]: Missing connection between items
    Local override; error
    @(112.0500 mm, 152.0000 mm): Pad 1 [+5V] of C1 on F.Cu
    @(122.6000 mm, 154.8200 mm): Pad A4 [+5V] of J1 on F.Cu
[unconnected_items]: Missing connection between items
    Local override; error
    @(122.6000 mm, 154.8200 mm): Pad A4 [+5V] of J1 on F.Cu
    @(127.4000 mm, 154.8200 mm): Pad B4 [+5V] of J1 on F.Cu
[unconnected_items]: Missing connection between items
    Local override; error
    @(123.7500 mm, 154.8200 mm): Pad A5 [N$1] of J1 on F.Cu
    @(131.4900 mm, 155.0000 mm): Pad 1 [N$1] of R1 on F.Cu
[unconnected_items]: Missing connection between items
    Local override; error
    @(116.2500 mm, 124.2500 mm): Pad 14 [USB_DP] of U1 on F.Cu
    @(124.7500 mm, 154.8200 mm): Pad A6 [USB_DP] of J1 on F.Cu
[unconnected_items]: Missing connection between items
    Local override; error
    @(124.7500 mm, 154.8200 mm): Pad A6 [USB_DP] of J1 on F.Cu
    @(125.7500 mm, 154.8200 mm): Pad B6 [USB_DP] of J1 on F.Cu
[unconnected_items]: Missing connection between items
    Local override; error
    @(116.2500 mm, 122.9800 mm): Pad 13 [USB_DM] of U1 on F.Cu
    @(124.2500 mm, 154.8200 mm): Pad B7 [USB_DM] of J1 on F.Cu
[unconnected_items]: Missing connection between items
    Local override; error
    @(124.2500 mm, 154.8200 mm): Pad B7 [USB_DM] of J1 on F.Cu
    @(125.2500 mm, 154.8200 mm): Pad A7 [USB_DM] of J1 on F.Cu
[unconnected_items]: Missing connection between items
    Local override; error
    @(126.7500 mm, 154.8200 mm): Pad B5 [N$2] of J1 on F.Cu
    @(134.4900 mm, 155.0000 mm): Pad 1 [N$2] of R2 on F.Cu
[unconnected_items]: Missing connection between items
    Local override; error
    @(109.4900 mm, 129.0000 mm): Pad 1 [+3V3] of R3 on F.Cu
    @(109.4900 mm, 125.0000 mm): Pad 1 [+3V3] of R4 on F.Cu
[unconnected_items]: Missing connection between items
    Local override; error
    @(109.4900 mm, 129.0000 mm): Pad 1 [+3V3] of R3 on F.Cu
    @(109.0500 mm, 133.0000 mm): Pad 1 [+3V3] of C3 on F.Cu
[unconnected_items]: Missing connection between items
    Local override; error
    @(112.5200 mm, 133.0000 mm): Pad 1 [+3V3] of C4 on F.Cu
    @(109.0500 mm, 133.0000 mm): Pad 1 [+3V3] of C3 on F.Cu
[unconnected_items]: Missing connection between items
    Local override; error
    @(114.1375 mm, 146.0500 mm): Pad 5 [+3V3] of U2 on F.Cu
    @(117.0500 mm, 147.0000 mm): Pad 1 [+3V3] of C2 on F.Cu
[unconnected_items]: Missing connection between items
    Local override; error
    @(114.1375 mm, 146.0500 mm): Pad 5 [+3V3] of U2 on F.Cu
    @(112.5200 mm, 133.0000 mm): Pad 1 [+3V3] of C4 on F.Cu
[unconnected_items]: Missing connection between items
    Local override; error
    @(116.2500 mm, 109.0100 mm): Pad 2 [+3V3] of U1 on F.Cu
    @(109.4900 mm, 125.0000 mm): Pad 1 [+3V3] of R4 on F.Cu
[unconnected_items]: Missing connection between items
    Local override; error
    @(141.0250 mm, 148.0250 mm): Pad 8 [+3V3] of U3 on F.Cu
    @(141.5200 mm, 151.0000 mm): Pad 1 [+3V3] of C6 on F.Cu
[unconnected_items]: Missing connection between items
    Local override; error
    @(141.0250 mm, 148.0250 mm): Pad 8 [+3V3] of U3 on F.Cu
    @(117.0500 mm, 147.0000 mm): Pad 1 [+3V3] of C2 on F.Cu
[unconnected_items]: Missing connection between items
    Local override; error
    @(141.6750 mm, 145.9750 mm): Pad 2 [+3V3] of U3 on F.Cu
    @(142.3250 mm, 148.0250 mm): Pad 6 [+3V3] of U3 on F.Cu
[unconnected_items]: Missing connection between items
    Local override; error
    @(142.3250 mm, 148.0250 mm): Pad 6 [+3V3] of U3 on F.Cu
    @(141.0250 mm, 148.0250 mm): Pad 8 [+3V3] of U3 on F.Cu
[unconnected_items]: Missing connection between items
    Local override; error
    @(145.4900 mm, 144.0000 mm): Pad 1 [+3V3] of R5 on F.Cu
    @(146.0000 mm, 114.5400 mm): PTH pad 2 [+3V3] of J2
[unconnected_items]: Missing connection between items
    Local override; error
    @(145.4900 mm, 146.5000 mm): Pad 1 [+3V3] of R6 on F.Cu
    @(145.4900 mm, 144.0000 mm): Pad 1 [+3V3] of R5 on F.Cu
[unconnected_items]: Missing connection between items
    Local override; error
    @(145.4900 mm, 146.5000 mm): Pad 1 [+3V3] of R6 on F.Cu
    @(142.3250 mm, 148.0250 mm): Pad 6 [+3V3] of U3 on F.Cu
[unconnected_items]: Missing connection between items
    Local override; error
    @(110.5100 mm, 125.0000 mm): Pad 2 [BOOT] of R4 on F.Cu
    @(103.3000 mm, 142.0000 mm): Pad 1 [BOOT] of SW2 on F.Cu
[unconnected_items]: Missing connection between items
    Local override; error
    @(133.7500 mm, 124.2500 mm): Pad 27 [BOOT] of U1 on F.Cu
    @(110.5100 mm, 125.0000 mm): Pad 2 [BOOT] of R4 on F.Cu
[unconnected_items]: Missing connection between items
    Local override; error
    @(133.7500 mm, 119.1700 mm): Pad 31 [LED_IO] of U1 on F.Cu
    @(139.4900 mm, 133.0000 mm): Pad 1 [LED_IO] of R7 on F.Cu
[unconnected_items]: Missing connection between items
    Local override; error
    @(140.5100 mm, 133.0000 mm): Pad 2 [N$3] of R7 on F.Cu
    @(144.7875 mm, 133.0000 mm): Pad 2 [N$3] of D1 on F.Cu
[unconnected_items]: Missing connection between items
    Local override; error
    @(110.5100 mm, 129.0000 mm): Pad 2 [EN] of R3 on F.Cu
    @(103.3000 mm, 136.0000 mm): Pad 1 [EN] of SW1 on F.Cu
[unconnected_items]: Missing connection between items
    Local override; error
    @(112.5200 mm, 129.0000 mm): Pad 1 [EN] of C5 on F.Cu
    @(110.5100 mm, 129.0000 mm): Pad 2 [EN] of R3 on F.Cu
[unconnected_items]: Missing connection between items
    Local override; error
    @(112.5200 mm, 129.0000 mm): Pad 1 [EN] of C5 on F.Cu
    @(116.2500 mm, 110.2800 mm): Pad 3 [EN] of U1 on F.Cu
[unconnected_items]: Missing connection between items
    Local override; error
    @(120.5550 mm, 125.5000 mm): Pad 17 [I2C_SCL] of U1 on F.Cu
    @(142.9750 mm, 145.9750 mm): Pad 4 [I2C_SCL] of U3 on F.Cu
[unconnected_items]: Missing connection between items
    Local override; error
    @(142.9750 mm, 145.9750 mm): Pad 4 [I2C_SCL] of U3 on F.Cu
    @(146.5100 mm, 146.5000 mm): Pad 2 [I2C_SCL] of R6 on F.Cu
[unconnected_items]: Missing connection between items
    Local override; error
    @(116.2500 mm, 121.7100 mm): Pad 12 [I2C_SDA] of U1 on F.Cu
    @(142.3250 mm, 145.9750 mm): Pad 3 [I2C_SDA] of U3 on F.Cu
[unconnected_items]: Missing connection between items
    Local override; error
    @(142.3250 mm, 145.9750 mm): Pad 3 [I2C_SDA] of U3 on F.Cu
    @(146.5100 mm, 144.0000 mm): Pad 2 [I2C_SDA] of R5 on F.Cu
[unconnected_items]: Missing connection between items
    Local override; error
    @(103.3000 mm, 148.0000 mm): Pad 1 [BTN_IO] of SW3 on F.Cu
    @(116.2500 mm, 111.5500 mm): Pad 4 [BTN_IO] of U1 on F.Cu
[unconnected_items]: Missing connection between items
    Local override; error
    @(124.3650 mm, 125.5000 mm): Pad 20 [LCD_SCK] of U1 on F.Cu
    @(146.0000 mm, 117.0800 mm): PTH pad 3 [LCD_SCK] of J2
[unconnected_items]: Missing connection between items
    Local override; error
    @(123.0950 mm, 125.5000 mm): Pad 19 [LCD_MOSI] of U1 on F.Cu
    @(146.0000 mm, 119.6200 mm): PTH pad 4 [LCD_MOSI] of J2
[unconnected_items]: Missing connection between items
    Local override; error
    @(126.9050 mm, 125.5000 mm): Pad 22 [LCD_RST] of U1 on F.Cu
    @(146.0000 mm, 122.1600 mm): PTH pad 5 [LCD_RST] of J2
[unconnected_items]: Missing connection between items
    Local override; error
    @(125.6350 mm, 125.5000 mm): Pad 21 [LCD_DC] of U1 on F.Cu
    @(146.0000 mm, 124.7000 mm): PTH pad 6 [LCD_DC] of J2
[unconnected_items]: Missing connection between items
    Local override; error
    @(121.8250 mm, 125.5000 mm): Pad 18 [LCD_CS] of U1 on F.Cu
    @(146.0000 mm, 127.2400 mm): PTH pad 7 [LCD_CS] of J2
[unconnected_items]: Missing connection between items
    Local override; error
    @(128.1750 mm, 125.5000 mm): Pad 23 [LCD_BL] of U1 on F.Cu
    @(146.0000 mm, 129.7800 mm): PTH pad 8 [LCD_BL] of J2

** Found 0 Footprint errors **

** Ignored checks **
    - Footprint has no courtyard defined
    - Track endpoint not centered on via
    - Tuning profile track geometries
    - Footprint doesn't match symbol's footprint filters
    - Footprint component type doesn't match footprint pads

** End of Report **
