** Drc report for hava_routed.kicad_pcb **
** Created on 2026-09-25T17:46:17 **
** Report includes: Errors **

** Found 1 DRC violations **
[starved_thermal]: Bölgeye termal rölyef bağlantısı eksik (katman F.Cu; bölge bağlantı kolu sayısı 2; gerçek 1)
    Local override; error
    @(99.9500 mm, 99.9500 mm): Zone [GND] on F.Cu, priority 0
    @(129.3200 mm, 155.3950 mm): PTH pad SH [GND] of J1

** Found 1 unconnected pads **
[unconnected_items]: Missing connection between items
    Local override; error
    @(112.5200 mm, 133.0000 mm): Track [+3V3] on F.Cu, length 1.4887 mm
    @(115.0875 mm, 147.0000 mm): Track [+3V3] on F.Cu, length 1.3435 mm

** Found 0 Footprint errors **

** Ignored checks **
    - Footprint has no courtyard defined
    - Track endpoint not centered on via
    - Tuning profile track geometries
    - Footprint doesn't match symbol's footprint filters
    - Footprint component type doesn't match footprint pads

** End of Report **
